                        CAL3QHC: LINE SOURCE DISPERSION MODEL - VERSION 2.0 Dated 95221                        PAGE  1

      JOB: Project Name                                         RUN: Run Name                                

      DATE :  3/ 3/25
      TIME : 11:55:32

         The MODE flag has been set to C for calculating CO averages.

       SITE & METEOROLOGICAL VARIABLES  
       -------------------------------
       VS =   0.0 CM/S       VD =   0.0 CM/S       Z0 = 108. CM
        U =  1.0 M/S         CLAS =   4  (D)     ATIM =  60. MINUTES     MIXH =  1000. M   AMB =  0.0 PPM

       LINK VARIABLES
       --------------
         LINK DESCRIPTION     *         LINK COORDINATES (FT)          *    LENGTH  BRG TYPE   VPH    EF      H   W    V/C QUEUE
                              *   X1        Y1        X2        Y2     *     (FT)  (DEG)            (G/MI)  (FT) (FT)       (VEH)
      ------------------------*----------------------------------------*----------------------------------------------------------
       1. SB Queue Link       *    -18.0       0.0     -18.0    3647.7 *    3648.   360. AG     38. 100.0   0.0 24.0 1.59 185.3
       2. SB Left Queue Link  *      0.0      30.0       0.0    1972.9 *    1943.   360. AG     27. 100.0   0.0 12.0 2.26  98.7
       3. WB Queue Link       *     30.0      18.0    3677.7      18.0 *    3648.    90. AG     38. 100.0   0.0 24.0 1.59 185.3
       4. WB Left Queue Link  *     30.0       0.0    1972.9       0.0 *    1943.    90. AG     27. 100.0   0.0 12.0 2.26  98.7
       5. NB Queue Link       *     18.0     -30.0      18.0   -3677.7 *    3648.   180. AG     38. 100.0   0.0 24.0 1.59 185.3
       6. NB Left Queue Link  *      0.0     -30.0       0.0   -1972.9 *    1943.   180. AG     27. 100.0   0.0 12.0 2.26  98.7
       7. EB Queue Link       *    -30.0     -18.0   -3677.7     -18.0 *    3648.   270. AG     38. 100.0   0.0 24.0 1.59 185.3
       8. EB Left Queue Link  *    -30.0       0.0   -1972.9       0.0 *    1943.   270. AG     27. 100.0   0.0 12.0 2.26  98.7
       9. SB Approach Link    *    -18.0       0.0     -18.0    3000.0 *    3000.   360. AG   2000.   3.5   0.0 44.0
      10. SB Left Link        *      0.0       0.0       0.0    3000.0 *    3000.   360. AG    300.   5.5   0.0 32.0
      11. SB Departure Link   *     18.0       0.0      18.0    3000.0 *    3000.   360. AG   2000.  13.0   0.0 44.0
      12. WB Approach Link    *      0.0      18.0    3000.0      18.0 *    3000.    90. AG   2000.   3.5   0.0 44.0
      13. WB Left Link        *      0.0       0.0    3000.0       0.0 *    3000.    90. AG    300.   5.5   0.0 32.0
      14. WB Departure Link   *      0.0     -18.0    3000.0     -18.0 *    3000.    90. AG   2000.  13.0   0.0 44.0
      15. NB Approach Link    *     18.0       0.0      18.0   -3000.0 *    3000.   180. AG   2000.   3.5   0.0 44.0
      16. NB Left Link        *      0.0       0.0       0.0   -3000.0 *    3000.   180. AG    300.   5.5   0.0 32.0
      17. NB Departure Link   *    -18.0       0.0     -18.0   -3000.0 *    3000.   180. AG   2000.  13.0   0.0 44.0
      18. EB Approach Link    *      0.0     -18.0   -3000.0     -18.0 *    3000.   270. AG   2000.   3.5   0.0 44.0
      19. EB Left Link        *      0.0       0.0   -3000.0       0.0 *    3000.   270. AG    300.   5.5   0.0 32.0
      20. EB Departure Link   *      0.0      18.0   -3000.0      18.0 *    3000.   270. AG   2000.  13.0   0.0 44.0
                                                                                                                PAGE  2
      JOB: Project Name                                         RUN: Run Name                                

      DATE :  3/ 3/25
      TIME : 11:55:32

       ADDITIONAL QUEUE LINK PARAMETERS
       --------------------------------
         LINK DESCRIPTION     *    CYCLE    RED     CLEARANCE  APPROACH  SATURATION   IDLE   SIGNAL   ARRIVAL
                              *    LENGTH   TIME    LOST TIME    VOL     FLOW RATE   EM FAC   TYPE     RATE
                              *     (SEC)   (SEC)    (SEC)      (VPH)      (VPH)    (gm/hr)
      ------------------------*--------------------------------------------------------------------------------
       1. SB Queue Link       *     120       75       3.0      1700       1600      11.40      1        3
       2. SB Left Queue Link  *     120      105       3.0       300       1600      11.40      1        3
       3. WB Queue Link       *     120       75       3.0      1700       1600      11.40      1        3
       4. WB Left Queue Link  *     120      105       3.0       300       1600      11.40      1        3
       5. NB Queue Link       *     120       75       3.0      1700       1600      11.40      1        3
       6. NB Left Queue Link  *     120      105       3.0       300       1600      11.40      1        3
       7. EB Queue Link       *     120       75       3.0      1700       1600      11.40      1        3
       8. EB Left Queue Link  *     120      105       3.0       300       1600      11.40      1        3

       RECEPTOR LOCATIONS
       ------------------
                              *           COORDINATES (FT)          *
         RECEPTOR             *      X          Y          Z        *
     -------------------------*-------------------------------------*
      1. Receptor 1           *        40.0      180.0        6.0   *
      2. Receptor 2           *        40.0       80.0        6.0   *
      3. Receptor 3           *        40.0       40.0        6.0   *
      4. Receptor 4           *        80.0       40.0        6.0   *
      5. Receptor 5           *       180.0       40.0        6.0   *
      6. Receptor 6           *       180.0      -40.0        6.0   *
      7. Receptor 7           *        80.0      -40.0        6.0   *
      8. Receptor 8           *        40.0      -40.0        6.0   *
      9. Receptor 9           *        40.0      -80.0        6.0   *
     10. Receptor 10          *        40.0     -180.0        6.0   *
     11. Receptor 11          *       -40.0     -180.0        6.0   *
     12. Receptor 12          *       -40.0      -80.0        6.0   *
     13. Receptor 13          *       -40.0      -40.0        6.0   *
     14. Receptor 14          *       -80.0      -40.0        6.0   *
     15. Receptor 15          *      -180.0      -40.0        6.0   *
     16. Receptor 16          *      -180.0       40.0        6.0   *
     17. Receptor 17          *       -80.0       40.0        6.0   *
     18. Receptor 18          *       -40.0       40.0        6.0   *
     19. Receptor 19          *       -40.0       80.0        6.0   *
     20. Receptor 20          *       -40.0      180.0        6.0   *
                                                                                                                PAGE  3
      JOB: Project Name                                         RUN: Run Name                                

       MODEL RESULTS
       -------------

       REMARKS : In search of the angle corresponding to
                 the maximum concentration, only the first
                 angle, of the angles with same maximum
                 concentrations, is indicated as maximum.

 WIND ANGLE RANGE:   0.-355.

 WIND  * CONCENTRATION 
 ANGLE *      (PPM)
 (DEGR)* REC1  REC2  REC3  REC4  REC5  REC6  REC7  REC8  REC9  REC10 REC11 REC12 REC13 REC14 REC15 REC16 REC17 REC18 REC19 REC20
 ------*------------------------------------------------------------------------------------------------------------------------
   0.  *   1.7   1.8   1.8   0.6   0.2   1.3   1.7   2.5   2.0   1.6   2.0   2.0   2.2   1.3   1.1   0.3   0.5   1.2   1.2   1.2
   5.  *   1.3   1.3   1.3   0.4   0.1   1.1   1.4   2.1   1.5   1.1   2.4   2.4   2.7   1.6   1.1   0.3   0.8   1.6   1.6   1.6
  10.  *   0.9   0.9   0.9   0.2   0.0   1.0   1.2   1.8   1.3   0.9   2.2   2.4   2.8   1.6   1.2   0.4   0.8   1.7   1.7   1.7
  15.  *   0.5   0.5   0.5   0.1   0.0   1.0   1.1   1.3   1.0   0.7   2.1   2.4   2.8   1.6   1.2   0.4   0.8   1.6   1.6   1.6
  20.  *   0.3   0.3   0.3   0.0   0.0   1.0   1.0   1.2   0.7   0.6   2.1   2.2   2.3   1.6   1.2   0.4   0.8   1.5   1.5   1.5
  25.  *   0.2   0.2   0.2   0.0   0.0   1.0   1.0   1.1   0.7   0.4   1.9   2.2   2.4   1.6   1.2   0.4   0.8   1.5   1.5   1.5
  30.  *   0.1   0.1   0.1   0.0   0.0   1.1   1.1   1.1   0.6   0.4   1.8   2.1   2.2   1.6   1.2   0.4   0.8   1.2   1.2   1.2
  35.  *   0.1   0.1   0.1   0.0   0.0   1.1   1.1   1.1   0.6   0.4   1.9   2.0   2.2   1.5   1.2   0.5   0.8   1.2   1.1   1.1
  40.  *   0.1   0.1   0.1   0.0   0.0   1.2   1.2   1.2   0.6   0.4   1.8   1.8   2.0   1.6   1.3   0.5   0.8   1.2   1.1   1.1
  45.  *   0.1   0.1   0.1   0.0   0.0   1.3   1.3   1.3   0.8   0.4   1.7   1.8   2.0   1.5   1.4   0.5   0.8   1.1   1.0   1.0
  50.  *   0.1   0.1   0.1   0.0   0.0   1.5   1.5   1.5   0.8   0.4   1.5   1.7   1.9   1.7   1.3   0.4   0.7   1.1   1.0   1.0
  55.  *   0.1   0.1   0.1   0.0   0.0   1.5   1.5   1.5   0.8   0.4   1.5   1.7   2.0   1.6   1.3   0.4   0.7   0.9   0.8   0.8
  60.  *   0.0   0.0   0.0   0.0   0.0   1.6   1.6   1.6   0.8   0.4   1.5   1.8   2.1   1.6   1.2   0.4   0.7   0.9   0.8   0.8
  65.  *   0.0   0.0   0.1   0.1   0.1   1.8   1.8   1.8   0.9   0.4   1.4   1.8   2.2   1.6   1.5   0.5   0.7   0.9   0.8   0.8
  70.  *   0.0   0.0   0.1   0.1   0.1   2.0   2.0   1.9   0.9   0.5   1.5   1.9   2.3   1.9   1.4   0.5   0.8   0.9   0.8   0.8
  75.  *   0.0   0.0   0.2   0.2   0.2   2.1   2.1   2.1   0.9   0.5   1.5   1.9   2.8   2.0   1.4   0.7   1.0   1.2   0.8   0.8
  80.  *   0.0   0.1   0.5   0.5   0.5   2.2   2.2   2.2   0.9   0.4   1.4   1.9   2.7   2.2   1.6   1.1   1.3   1.5   0.9   0.8
  85.  *   0.1   0.3   0.8   0.8   0.8   2.2   2.2   2.2   0.9   0.4   1.4   1.9   2.8   2.2   1.7   1.5   1.8   1.8   1.1   0.9
  90.  *   0.3   0.5   1.2   1.2   1.2   1.7   1.8   1.8   0.6   0.2   1.3   1.7   2.5   2.0   1.6   2.0   2.1   2.2   1.3   1.1
  95.  *   0.3   0.8   1.6   1.6   1.6   1.3   1.3   1.3   0.4   0.1   1.1   1.4   2.1   1.5   1.1   2.4   2.5   2.6   1.6   1.1
 100.  *   0.4   0.8   1.7   1.7   1.7   0.9   0.9   0.9   0.2   0.0   1.0   1.2   1.8   1.3   0.9   2.2   2.5   2.7   1.6   1.2
 105.  *   0.4   0.8   1.6   1.6   1.6   0.5   0.5   0.5   0.1   0.0   1.0   1.1   1.3   1.0   0.7   2.1   2.5   2.8   1.6   1.2
 110.  *   0.4   0.8   1.5   1.5   1.5   0.3   0.3   0.3   0.0   0.0   1.0   1.0   1.2   0.7   0.6   2.1   2.1   2.3   1.6   1.2
 115.  *   0.4   0.8   1.5   1.5   1.5   0.2   0.2   0.2   0.0   0.0   1.0   1.0   1.1   0.7   0.4   1.9   2.2   2.3   1.6   1.2
 120.  *   0.4   0.8   1.2   1.2   1.2   0.1   0.1   0.1   0.0   0.0   1.1   1.1   1.1   0.6   0.4   1.8   2.1   2.2   1.6   1.2
 125.  *   0.5   0.8   1.2   1.1   1.1   0.1   0.1   0.1   0.0   0.0   1.1   1.1   1.1   0.6   0.4   1.9   2.0   2.2   1.4   1.2
 130.  *   0.5   0.8   1.2   1.1   1.1   0.1   0.1   0.1   0.0   0.0   1.2   1.2   1.2   0.6   0.4   1.8   1.8   2.1   1.5   1.3
 135.  *   0.5   0.8   1.1   1.0   1.0   0.1   0.1   0.1   0.0   0.0   1.3   1.3   1.3   0.8   0.4   1.7   1.8   2.1   1.4   1.4
 140.  *   0.4   0.7   1.1   1.0   1.0   0.1   0.1   0.1   0.0   0.0   1.5   1.5   1.5   0.8   0.4   1.5   1.7   2.0   1.7   1.3
 145.  *   0.4   0.7   0.9   0.8   0.8   0.1   0.1   0.1   0.0   0.0   1.5   1.5   1.5   0.8   0.4   1.5   1.7   2.1   1.6   1.3
 150.  *   0.4   0.7   0.9   0.8   0.8   0.0   0.0   0.0   0.0   0.0   1.6   1.6   1.6   0.8   0.4   1.5   1.8   2.2   1.6   1.2
 155.  *   0.5   0.7   0.9   0.8   0.8   0.0   0.0   0.1   0.1   0.1   1.8   1.8   1.8   0.9   0.4   1.4   1.8   2.3   1.6   1.5
 160.  *   0.5   0.8   0.9   0.8   0.8   0.0   0.0   0.1   0.1   0.1   2.0   2.0   1.9   0.9   0.5   1.5   1.9   2.4   1.9   1.4
 165.  *   0.7   1.0   1.2   0.8   0.8   0.0   0.0   0.2   0.2   0.2   2.1   2.1   2.1   0.9   0.5   1.5   1.9   2.8   2.0   1.4
 170.  *   1.1   1.3   1.5   0.9   0.8   0.0   0.1   0.5   0.5   0.5   2.2   2.2   2.2   0.9   0.4   1.4   1.9   2.7   2.3   1.6
 175.  *   1.5   1.7   1.8   1.1   0.9   0.1   0.3   0.8   0.8   0.8   2.2   2.2   2.2   0.9   0.4   1.4   1.9   2.8   2.3   1.7
 180.  *   2.0   2.0   2.2   1.3   1.1   0.3   0.5   1.2   1.2   1.2   1.7   1.8   1.8   0.6   0.2   1.3   1.7   2.5   2.0   1.6
 185.  *   2.4   2.4   2.6   1.6   1.1   0.3   0.8   1.6   1.6   1.6   1.3   1.3   1.3   0.4   0.1   1.1   1.4   2.1   1.5   1.1
 190.  *   2.2   2.4   2.7   1.6   1.2   0.4   0.8   1.7   1.7   1.7   0.9   0.9   0.9   0.2   0.0   1.0   1.2   1.8   1.3   0.9
 195.  *   2.1   2.4   2.8   1.6   1.2   0.4   0.8   1.6   1.6   1.6   0.5   0.5   0.5   0.1   0.0   1.0   1.1   1.3   1.0   0.7
 200.  *   2.1   2.1   2.3   1.6   1.2   0.4   0.8   1.5   1.5   1.5   0.3   0.3   0.3   0.0   0.0   1.0   1.0   1.2   0.7   0.6
 205.  *   1.9   2.2   2.3   1.6   1.2   0.4   0.8   1.5   1.5   1.5   0.2   0.2   0.2   0.0   0.0   1.0   1.0   1.1   0.7   0.4
                                                                                                                PAGE  4
      JOB: Project Name                                         RUN: Run Name                                

 WIND  * CONCENTRATION 
 ANGLE *      (PPM)
 (DEGR)* REC1  REC2  REC3  REC4  REC5  REC6  REC7  REC8  REC9  REC10 REC11 REC12 REC13 REC14 REC15 REC16 REC17 REC18 REC19 REC20
 ------*------------------------------------------------------------------------------------------------------------------------
 210.  *   1.8   2.1   2.1   1.6   1.2   0.4   0.8   1.2   1.2   1.2   0.1   0.1   0.1   0.0   0.0   1.1   1.1   1.1   0.6   0.4
 215.  *   1.9   2.0   2.1   1.4   1.2   0.5   0.8   1.2   1.1   1.1   0.1   0.1   0.1   0.0   0.0   1.1   1.1   1.1   0.6   0.4
 220.  *   1.8   1.8   2.0   1.5   1.3   0.5   0.8   1.2   1.1   1.1   0.1   0.1   0.1   0.0   0.0   1.2   1.2   1.2   0.6   0.4
 225.  *   1.7   1.9   2.0   1.4   1.4   0.5   0.8   1.1   1.0   1.0   0.1   0.1   0.1   0.0   0.0   1.3   1.3   1.3   0.8   0.4
 230.  *   1.5   1.8   1.9   1.7   1.3   0.4   0.7   1.1   1.0   1.0   0.1   0.1   0.1   0.0   0.0   1.5   1.5   1.5   0.8   0.4
 235.  *   1.5   1.8   2.0   1.6   1.3   0.4   0.7   0.9   0.8   0.8   0.1   0.1   0.1   0.0   0.0   1.5   1.5   1.5   0.8   0.4
 240.  *   1.5   1.8   2.1   1.6   1.2   0.4   0.7   0.9   0.8   0.8   0.0   0.0   0.0   0.0   0.0   1.6   1.6   1.6   0.8   0.4
 245.  *   1.4   1.8   2.2   1.6   1.5   0.5   0.7   0.9   0.8   0.8   0.0   0.0   0.1   0.1   0.1   1.8   1.8   1.8   0.9   0.4
 250.  *   1.5   1.9   2.4   1.9   1.4   0.5   0.8   0.9   0.8   0.8   0.0   0.0   0.1   0.1   0.1   2.0   2.0   1.9   0.9   0.5
 255.  *   1.5   1.9   2.9   2.0   1.4   0.7   1.0   1.2   0.8   0.8   0.0   0.0   0.2   0.2   0.2   2.1   2.1   2.1   0.9   0.5
 260.  *   1.4   1.9   2.8   2.2   1.6   1.1   1.3   1.5   0.9   0.8   0.0   0.1   0.5   0.5   0.5   2.2   2.2   2.2   0.9   0.4
 265.  *   1.4   1.9   2.9   2.2   1.7   1.5   1.7   1.8   1.1   0.9   0.1   0.3   0.8   0.8   0.8   2.2   2.2   2.2   0.9   0.4
 270.  *   1.3   1.7   2.6   2.0   1.6   2.0   2.0   2.2   1.3   1.1   0.3   0.5   1.2   1.2   1.2   1.7   1.8   1.8   0.6   0.2
 275.  *   1.1   1.4   2.1   1.5   1.1   2.4   2.4   2.6   1.6   1.1   0.3   0.8   1.6   1.6   1.6   1.3   1.3   1.3   0.4   0.1
 280.  *   1.0   1.2   1.8   1.3   0.9   2.2   2.4   2.7   1.6   1.2   0.4   0.8   1.7   1.7   1.7   0.9   0.9   0.9   0.2   0.0
 285.  *   1.0   1.1   1.3   1.0   0.7   2.1   2.4   2.8   1.6   1.2   0.4   0.8   1.6   1.6   1.6   0.5   0.5   0.5   0.1   0.0
 290.  *   1.0   1.0   1.2   0.7   0.6   2.1   2.1   2.3   1.6   1.2   0.4   0.8   1.5   1.5   1.5   0.3   0.3   0.3   0.0   0.0
 295.  *   1.0   1.0   1.1   0.7   0.4   1.9   2.2   2.3   1.6   1.2   0.4   0.8   1.5   1.5   1.5   0.2   0.2   0.2   0.0   0.0
 300.  *   1.1   1.1   1.1   0.6   0.4   1.8   2.1   2.1   1.6   1.2   0.4   0.8   1.2   1.2   1.2   0.1   0.1   0.1   0.0   0.0
 305.  *   1.1   1.1   1.1   0.6   0.4   1.9   2.0   2.1   1.4   1.2   0.5   0.8   1.2   1.1   1.1   0.1   0.1   0.1   0.0   0.0
 310.  *   1.2   1.2   1.2   0.6   0.4   1.8   1.8   2.0   1.5   1.3   0.5   0.8   1.2   1.1   1.1   0.1   0.1   0.1   0.0   0.0
 315.  *   1.3   1.3   1.3   0.8   0.4   1.7   1.8   2.1   1.4   1.4   0.5   0.8   1.1   1.0   1.0   0.1   0.1   0.1   0.0   0.0
 320.  *   1.5   1.5   1.5   0.8   0.4   1.5   1.8   2.0   1.7   1.3   0.4   0.7   1.1   1.0   1.0   0.1   0.1   0.1   0.0   0.0
 325.  *   1.5   1.5   1.5   0.8   0.4   1.5   1.8   2.1   1.6   1.3   0.4   0.7   0.9   0.8   0.8   0.1   0.1   0.1   0.0   0.0
 330.  *   1.6   1.6   1.6   0.8   0.4   1.5   1.8   2.1   1.7   1.2   0.4   0.7   0.9   0.8   0.8   0.0   0.0   0.0   0.0   0.0
 335.  *   1.8   1.8   1.8   0.9   0.4   1.4   1.8   2.2   1.7   1.5   0.5   0.7   0.9   0.8   0.8   0.0   0.0   0.1   0.1   0.1
 340.  *   2.0   2.0   1.9   0.9   0.5   1.5   1.9   2.3   1.9   1.4   0.5   0.8   0.9   0.8   0.8   0.0   0.0   0.1   0.1   0.1
 345.  *   2.1   2.1   2.1   0.9   0.5   1.5   1.9   2.8   2.0   1.4   0.7   1.0   1.2   0.8   0.8   0.0   0.0   0.2   0.2   0.2
 350.  *   2.2   2.2   2.2   0.9   0.4   1.4   1.9   2.7   2.2   1.6   1.1   1.3   1.5   0.9   0.8   0.0   0.1   0.5   0.5   0.5
 355.  *   2.2   2.2   2.2   0.9   0.4   1.4   1.9   2.8   2.2   1.7   1.5   1.7   1.8   1.1   0.9   0.1   0.3   0.8   0.8   0.8
 ------*------------------------------------------------------------------------------------------------------------------------
 MAX   *   2.4   2.4   2.9   2.2   1.7   2.4   2.4   2.8   2.2   1.7   2.4   2.4   2.8   2.2   1.7   2.4   2.5   2.8   2.3   1.7
 DEGR. *  185   185   255   260   265   275   275   285   355   190     5     5    10    80    85    95    95   105   170    10

 THE HIGHEST CONCENTRATION OF    2.90 PPM OCCURRED AT RECEPTOR REC3 .
